// Jest Snapshot v1, https://goo.gl/fbAQLP

exports[`<Arrow /> should render correctly in "debug" mode 1`] = `
<div
  className="Arrow"
/>
`;
