// Jest Snapshot v1, https://goo.gl/fbAQLP

exports[`<StackImage /> should render correctly in "debug" mode 1`] = `
<div
  className="StackImage"
>
  <img />
</div>
`;
